2025-03-18 23:16:18,996 - INFO - Server starting up...
2025-03-18 23:16:18,996 - INFO - Downloading model from Google Drive (file_id=X) to ./models/heartbeat_model.joblib...
2025-03-18 23:16:24,930 - ERROR - Failed to download or load model: [Errno 20] Not a directory: './models'
2025-03-18 23:16:24,934 - INFO - Loading models from ./models...
2025-03-18 23:18:01,961 - INFO - Server starting up...
2025-03-18 23:18:01,961 - INFO - Downloading model from Google Drive (file_id=X) to ./models/heartbeat_model.joblib...
2025-03-18 23:18:07,679 - ERROR - Failed to download or load model: [Errno 20] Not a directory: './models'
2025-03-18 23:18:07,682 - INFO - Loading models from ./models...
2025-03-18 23:20:37,259 - INFO - Server starting up...
2025-03-18 23:20:37,259 - INFO - Downloading model from Google Drive (file_id=X) to models/heartbeat_model.joblib...
2025-03-18 23:20:43,010 - ERROR - Failed to download or load model: [Errno 20] Not a directory: 'models'
2025-03-18 23:20:43,012 - INFO - Loading models from models...
2025-03-18 23:21:40,932 - INFO - Server starting up...
2025-03-18 23:21:40,932 - INFO - Downloading model from Google Drive (file_id=X) to models/heartbeat_model.joblib...
2025-03-18 23:21:46,201 - ERROR - Failed to download or load model: [Errno 20] Not a directory: 'models'
2025-03-18 23:21:46,205 - INFO - Loading models from models...
2025-03-18 23:22:14,172 - INFO - Server starting up...
2025-03-18 23:22:14,172 - INFO - Downloading model from Google Drive (file_id=X) to app/models/heartbeat_model.joblib...
2025-03-18 23:22:20,951 - INFO - Model downloaded successfully to app/models/heartbeat_model.joblib
2025-03-18 23:22:24,674 - INFO - Model 'heartbeat_model' loaded and added to model manager
2025-03-18 23:22:24,675 - INFO - Active model set to heartbeat_model
2025-03-18 23:22:24,675 - INFO - Loading models from app/models...
2025-03-18 23:22:24,676 - INFO - Model 'heartbeat_model' loaded from app/models/heartbeat_model.joblib
2025-03-18 23:22:24,676 - INFO - Active model set to heartbeat_model
2025-03-18 23:24:16,001 - INFO - Server shutting down...
